// Jest Snapshot v1, https://goo.gl/fbAQLP

exports[`the html structure of search settings 1`] = `
<div
  class="modal-dialog"
  data-testid="search-settings"
>
  <div
    class="modal-content"
  >
    <div
      class="modal-header"
    >
      <div
        class="modal-title h4"
      >
        Search Settings
      </div>
      <button
        aria-label="Close"
        class="btn-close"
        type="button"
      />
    </div>
    <div
      class="modal-body"
    >
      <h5>
        Search Type
      </h5>
      Configure how closely the search results should match your query.
      <br />
      <br />
      <div
        class="btn toggle btn-md off btn-info"
        role="button"
        style="width: 100%; height: 38px;"
      >
        <div
          class="toggle-group"
        >
          <span
            class="btn toggle-on btn-md flex-centre btn-success"
          >
            Fuzzy (Forgiving) Search
          </span>
          <span
            class="btn toggle-off btn-md flex-centre btn-info"
          >
            Precise Search
          </span>
          <span
            class="toggle-handle btn btn-md btn-default"
          />
        </div>
      </div>
      <hr />
      <h5>
        Filters
      </h5>
      Configure the DPI (dots per inch) and file size ranges the search results must be within.
      <br />
      At a fixed physical size, a higher DPI yields a higher resolution print.
      <br />
      MakePlayingCards prints cards up to 
      <b>
        800 DPI
      </b>
      , meaning an 800 DPI print and a 1200 DPI print will 
      <b>
        look the same
      </b>
      .
      <br />
      <br />
      <div
        class="row"
      >
        <div
          class="col-6"
        >
          <label
            class="form-label"
          >
            Minimum: 
            <b>
              0
               DPI
            </b>
          </label>
          <input
            class="form-range"
            max="1500"
            min="0"
            step="50"
            type="range"
            value="0"
          />
        </div>
        <div
          class="col-6"
        >
          <label
            class="form-label"
          >
            Maximum: 
            <b>
              1500
               DPI
            </b>
          </label>
          <input
            class="form-range"
            max="1500"
            min="0"
            step="50"
            type="range"
            value="1500"
          />
        </div>
      </div>
      <label
        class="form-label"
      >
        File size: Up to 
        <b>
          30
           MB
        </b>
      </label>
      <input
        class="form-range"
        max="30"
        min="0"
        step="1"
        type="range"
        value="30"
      />
      <hr />
      <h5>
        Sources
      </h5>
      Configure the sources to include in the search results.
      <ul>
        <li>
          <b>
            Drag & drop
          </b>
           them to change the order they're searched in.
        </li>
        <li>
          Use the 
          <b>
            arrows
          </b>
           to send a source to the top or bottom.
        </li>
        <li>
          Click the 
          <b>
            table header
          </b>
           to enable or disable all sources.
        </li>
      </ul>
      <div
        style="height: 215px;"
      >
        <table
          class="table"
          style="table-layout: auto;"
        >
          <thead>
            <tr
              style="height: 38px;"
            >
              <th
                class="prevent-select"
              >
                Enabled
              </th>
              <th
                class="prevent-select"
              >
                Source Name
              </th>
              <th
                class="prevent-select"
              >
                Source Type
              </th>
              <th />
              <th />
            </tr>
          </thead>
          <tbody>
            <tr
              aria-describedby="rfd-hidden-text-:r0:-hidden-text-:r1:"
              data-rfd-drag-handle-context-id=":r0:"
              data-rfd-drag-handle-draggable-id="0"
              data-rfd-draggable-context-id=":r0:"
              data-rfd-draggable-id="0"
              draggable="false"
              role="button"
              tabindex="0"
            >
              <td
                style="vertical-align: middle; width: 20%;"
              >
                <div
                  class="btn toggle btn-md btn-primary"
                  role="button"
                  style="width: 100%; height: 38px;"
                >
                  <div
                    class="toggle-group"
                  >
                    <span
                      class="btn toggle-on btn-md flex-centre prevent-select btn-primary"
                    >
                      On
                    </span>
                    <span
                      class="btn toggle-off btn-md flex-centre prevent-select btn-secondary"
                    >
                      Off
                    </span>
                    <span
                      class="toggle-handle btn btn-md btn-default"
                    />
                  </div>
                </div>
              </td>
              <td
                style="vertical-align: middle; width: 40%;"
              >
                <a>
                  Source 1
                </a>
              </td>
              <td
                class="prevent-select"
                style="vertical-align: middle; width: 30%;"
              >
                gdrive
              </td>
              <td
                style="vertical-align: middle; width: 5%; text-align: center;"
              >
                <div>
                  <i
                    class="bi bi-chevron-double-up"
                    style="font-size: 1em; cursor: pointer;"
                  />
                </div>
                <div>
                  <i
                    class="bi bi-chevron-double-down"
                    style="font-size: 1em; cursor: pointer;"
                  />
                </div>
              </td>
              <td
                style="vertical-align: middle; width: 5%; text-align: center;"
              >
                <i
                  class="bi bi-grip-horizontal"
                  style="font-size: 2em;"
                />
              </td>
            </tr>
            <tr
              aria-describedby="rfd-hidden-text-:r0:-hidden-text-:r1:"
              data-rfd-drag-handle-context-id=":r0:"
              data-rfd-drag-handle-draggable-id="1"
              data-rfd-draggable-context-id=":r0:"
              data-rfd-draggable-id="1"
              draggable="false"
              role="button"
              tabindex="0"
            >
              <td
                style="vertical-align: middle; width: 20%;"
              >
                <div
                  class="btn toggle btn-md btn-primary"
                  role="button"
                  style="width: 100%; height: 38px;"
                >
                  <div
                    class="toggle-group"
                  >
                    <span
                      class="btn toggle-on btn-md flex-centre prevent-select btn-primary"
                    >
                      On
                    </span>
                    <span
                      class="btn toggle-off btn-md flex-centre prevent-select btn-secondary"
                    >
                      Off
                    </span>
                    <span
                      class="toggle-handle btn btn-md btn-default"
                    />
                  </div>
                </div>
              </td>
              <td
                style="vertical-align: middle; width: 40%;"
              >
                <a>
                  Source 2
                </a>
              </td>
              <td
                class="prevent-select"
                style="vertical-align: middle; width: 30%;"
              >
                gdrive
              </td>
              <td
                style="vertical-align: middle; width: 5%; text-align: center;"
              >
                <div>
                  <i
                    class="bi bi-chevron-double-up"
                    style="font-size: 1em; cursor: pointer;"
                  />
                </div>
                <div>
                  <i
                    class="bi bi-chevron-double-down"
                    style="font-size: 1em; cursor: pointer;"
                  />
                </div>
              </td>
              <td
                style="vertical-align: middle; width: 5%; text-align: center;"
              >
                <i
                  class="bi bi-grip-horizontal"
                  style="font-size: 2em;"
                />
              </td>
            </tr>
            <tr
              aria-describedby="rfd-hidden-text-:r0:-hidden-text-:r1:"
              data-rfd-drag-handle-context-id=":r0:"
              data-rfd-drag-handle-draggable-id="2"
              data-rfd-draggable-context-id=":r0:"
              data-rfd-draggable-id="2"
              draggable="false"
              role="button"
              tabindex="0"
            >
              <td
                style="vertical-align: middle; width: 20%;"
              >
                <div
                  class="btn toggle btn-md btn-primary"
                  role="button"
                  style="width: 100%; height: 38px;"
                >
                  <div
                    class="toggle-group"
                  >
                    <span
                      class="btn toggle-on btn-md flex-centre prevent-select btn-primary"
                    >
                      On
                    </span>
                    <span
                      class="btn toggle-off btn-md flex-centre prevent-select btn-secondary"
                    >
                      Off
                    </span>
                    <span
                      class="toggle-handle btn btn-md btn-default"
                    />
                  </div>
                </div>
              </td>
              <td
                style="vertical-align: middle; width: 40%;"
              >
                <a>
                  Source 3
                </a>
              </td>
              <td
                class="prevent-select"
                style="vertical-align: middle; width: 30%;"
              >
                gdrive
              </td>
              <td
                style="vertical-align: middle; width: 5%; text-align: center;"
              >
                <div>
                  <i
                    class="bi bi-chevron-double-up"
                    style="font-size: 1em; cursor: pointer;"
                  />
                </div>
                <div>
                  <i
                    class="bi bi-chevron-double-down"
                    style="font-size: 1em; cursor: pointer;"
                  />
                </div>
              </td>
              <td
                style="vertical-align: middle; width: 5%; text-align: center;"
              >
                <i
                  class="bi bi-grip-horizontal"
                  style="font-size: 2em;"
                />
              </td>
            </tr>
          </tbody>
        </table>
      </div>
    </div>
    <div
      class="modal-footer"
    >
      <button
        class="btn btn-secondary"
        type="button"
      >
        Close Without Saving
      </button>
      <button
        class="btn btn-primary"
        type="button"
      >
        Save Changes
      </button>
    </div>
  </div>
</div>
`;
