// Jest Snapshot v1, https://goo.gl/fbAQLP

exports[`the html structure of a Card with a single identifier 1`] = `
<body>
  <div>
    <div
      class="mpccard mpccard-hover card"
    >
      <div
        class="pb-0 text-center card-header"
      >
        <p
          class="mpccard-slot"
        >
          Card 1
        </p>
      </div>
      <div>
        <div
          class="rounded-lg shadow-lg ratio ratio-7x5"
          style="z-index: 0;"
        >
          <div
            class="d-flex justify-content-center align-items-center"
            style="opacity: 1;"
          >
            <div
              class="spinner-border"
              role="status"
              style="width: 4em; height: 4em;"
            >
              <span
                class="visually-hidden"
              >
                Loading...
              </span>
            </div>
          </div>
          <img
            alt="Card Name"
            class="card-img card-img-fade-in"
            loading="lazy"
            src=""
            style="z-index: 1; opacity: 0;"
          />
        </div>
        <div
          class="mb-0 text-center card-body"
        >
          <div
            class="mpccard-name card-subtitle h6"
          >
            Card Name
          </div>
          <div
            class="mpccard-spacing"
          >
            <p
              class="mpccard-source card-text"
            >
              Card Source [1200 DPI]
            </p>
          </div>
        </div>
      </div>
    </div>
  </div>
</body>
`;
