// Jest Snapshot v1, https://goo.gl/fbAQLP

exports[`the html structure of the new cards page with no data 1`] = `
<div>
  <p>
    Looks like nothing was added to 
    Test Site
     in the last two weeks. :(
  </p>
</div>
`;

exports[`the html structure of the new cards page with two sources, each with result/s 1`] = `
.c3 {
  z-index: 1;
  opacity: 1;
}

.c3:hover {
  cursor: pointer;
}

.c2 {
  z-index: 0;
  background: #4e5d6c;
  border: solid 0px black;
}

.c0 {
  display: inline;
}

.c1 {
  display: inline;
}

<div>
  <p>
    Check out the new cards added to 
    Test Site
     in the last two weeks.
  </p>
  <h3
    class="c0 orpheus"
  >
    <em>
      Source 1
    </em>
  </h3>
     
  <p
    class="c1 text-primary"
  >
    4
     new card
    s
  </p>
  <div
    class="g-0 row row-cols-xxl-6 row-cols-lg-4 row-cols-md-3 row-cols-sm-2 row-cols-2"
  >
    <div
      class="col"
    >
      <div
        class="mpccard mpccard-hover card"
      >
        <div
          class="pb-0 text-center card-header"
        >
          <p
            class="mpccard-slot"
          >
            1st January, 2000
          </p>
        </div>
        <div>
          <div
            class="c2 rounded-lg shadow-lg ratio ratio-7x5"
          >
            <img
              alt="Card 1"
              class="c3 card-img card-img-fade-in"
              data-nimg="fill"
              decoding="async"
              loading="lazy"
              src=""
              style="position: absolute; height: 100%; width: 100%; left: 0px; top: 0px; right: 0px; bottom: 0px; color: transparent;"
            />
          </div>
          <div
            class="mb-0 text-center card-body"
          >
            <div
              class="mpccard-name card-subtitle h6"
            >
              Card 1
            </div>
            <div
              class="mpccard-spacing"
            >
              <p
                class="mpccard-source card-text"
              >
                Source 1 [1200 DPI]
              </p>
            </div>
          </div>
        </div>
      </div>
    </div>
    <div
      class="col"
    >
      <div
        class="mpccard mpccard-hover card"
      >
        <div
          class="pb-0 text-center card-header"
        >
          <p
            class="mpccard-slot"
          >
            1st January, 2000
          </p>
        </div>
        <div>
          <div
            class="c2 rounded-lg shadow-lg ratio ratio-7x5"
          >
            <img
              alt="Card 2"
              class="c3 card-img card-img-fade-in"
              data-nimg="fill"
              decoding="async"
              loading="lazy"
              src=""
              style="position: absolute; height: 100%; width: 100%; left: 0px; top: 0px; right: 0px; bottom: 0px; color: transparent;"
            />
          </div>
          <div
            class="mb-0 text-center card-body"
          >
            <div
              class="mpccard-name card-subtitle h6"
            >
              Card 2
            </div>
            <div
              class="mpccard-spacing"
            >
              <p
                class="mpccard-source card-text"
              >
                Source 1 [1200 DPI]
              </p>
            </div>
          </div>
        </div>
      </div>
    </div>
  </div>
  <br />
  <div
    class="d-grid gap-0 mx-auto"
    style="max-width: 20%;"
  >
    <button
      class="btn btn-primary"
      type="button"
    >
      Load More
    </button>
  </div>
  <hr />
  <h3
    class="c0 orpheus"
  >
    <em>
      Source 2
    </em>
  </h3>
     
  <p
    class="c1 text-primary"
  >
    1
     new card
  </p>
  <div
    class="g-0 row row-cols-xxl-6 row-cols-lg-4 row-cols-md-3 row-cols-sm-2 row-cols-2"
  >
    <div
      class="col"
    >
      <div
        class="mpccard mpccard-hover card"
      >
        <div
          class="pb-0 text-center card-header"
        >
          <p
            class="mpccard-slot"
          >
            1st January, 2000
          </p>
        </div>
        <div>
          <div
            class="c2 rounded-lg shadow-lg ratio ratio-7x5"
          >
            <img
              alt="Card 5"
              class="c3 card-img card-img-fade-in"
              data-nimg="fill"
              decoding="async"
              loading="lazy"
              src=""
              style="position: absolute; height: 100%; width: 100%; left: 0px; top: 0px; right: 0px; bottom: 0px; color: transparent;"
            />
          </div>
          <div
            class="mb-0 text-center card-body"
          >
            <div
              class="mpccard-name card-subtitle h6"
            >
              Card 5
            </div>
            <div
              class="mpccard-spacing"
            >
              <p
                class="mpccard-source card-text"
              >
                Source 2 Cardbacks [1200 DPI]
              </p>
            </div>
          </div>
        </div>
      </div>
    </div>
  </div>
  <br />
</div>
`;
